<html>
<body>
<pre>
<h1>µVision Build Log</h1>
<h2>Tool Versions:</h2>
IDE-Version: µVision V5.29.0.0
Copyright (C) 2019 ARM Ltd and ARM Germany GmbH. All rights reserved.
License Information: Gabriel Wang, ARM, LIC=V8556-XVJ5L-KYX0L-Y271H-A6NJL-03QC3
 
Tool Versions:
Toolchain:       MDK-ARM Professional  Version: 5.29.0.12
Toolchain Path:  C:\Keil_v5\ARM\ARMCLANG\Bin
C Compiler:      ArmClang.exe V6.14
Assembler:       Armasm.exe V6.14
Linker/Locator:  ArmLink.exe V6.14
Library Manager: ArmAr.exe V6.14
Hex Converter:   FromElf.exe V6.14
CPU DLL:         SARMCM3.DLL V5.29.0.12
Dialog DLL:      DCM.DLL V1.17.3.0
Target DLL:      DbgFM.DLL V1.16.0.0
Dialog DLL:      TCM.DLL V1.38.0.0
 
<h2>Project:</h2>
C:\Work\CPMK\Cortex-M\Project\Fake_File_Framework\git\fake_file_framework\source\build\MDK\fakeFileFramework.uvprojx
Project File Date:  04/14/2020

<h2>Output:</h2>
*** Using Compiler 'V6.14', folder: 'C:\Keil_v5\ARM\ARMCLANG\Bin'
Rebuild target 'mps2_armv7m_template'
compiling fff_user_description.c...
compiling printf_retarget.c...
compiling example_main.c...
assembling startup_CMSDK_CM4.s...
compiling system_CMSDK_CM4.c...
assembling hotel.s...
linking...
Program Size: Code=4580 RO-data=1755464 RW-data=152 ZI-data=3155280  
".\Objects\mps2_armv7m_template.axf" - 0 Error(s), 0 Warning(s).

<h2>Software Packages used:</h2>

Package Vendor: ARM
                http://www.keil.com/pack/ARM.CMSIS.5.7.0-dev3.pack
                ARM.CMSIS.5.7.0-dev3
                CMSIS (Cortex Microcontroller Software Interface Standard)
   * Component: CORE Version: 5.4.0

Package Vendor: Keil
                http://www.keil.com/pack/Keil.V2M-MPS2_CMx_BSP.1.7.0.pack
                Keil.V2M-MPS2_CMx_BSP.1.7.0
                ARM V2M-MPS2 Board Support PACK for Cortex-M System Design Kit Devices
   * Component: Startup Version: 1.0.0

<h2>Collection of Component include folders:</h2>
  .\RTE\Device\CMSDK_CM4_FP
  .\RTE\_mps2_armv7m_template
  C:\Keil_v5\ARM\PACK\ARM\CMSIS\5.7.0-dev3\CMSIS\Core\Include
  C:\Keil_v5\ARM\PACK\Keil\V2M-MPS2_CMx_BSP\1.7.0\Device\CMSDK_CM4\Include

<h2>Collection of Component Files used:</h2>

   * Component: ARM::CMSIS:CORE:5.4.0

   * Component: Keil::Device:Startup:1.0.0
      Source file:   Device\CMSDK_CM4\Source\ARM\startup_CMSDK_CM4.s
      Include file:  CMSIS\Config\RTE_Device.h
      Source file:   Device\CMSDK_CM4\Source\system_CMSDK_CM4.c
Build Time Elapsed:  00:00:02
</pre>
</body>
</html>
