<html>
<body>
<pre>
<h1>µVision Build Log</h1>
<h2>Tool Versions:</h2>
IDE-Version: µVision V5.29.0.0
Copyright (C) 2019 ARM Ltd and ARM Germany GmbH. All rights reserved.
License Information: Gabriel Wang, ARM, LIC=V8556-XVJ5L-KYX0L-Y271H-A6NJL-03QC3
 
Tool Versions:
Toolchain:       MDK-ARM Professional  Version: 5.29.0.12
Toolchain Path:  C:\Keil_v5\ARM\ARMCLANG\Bin
C Compiler:      ArmClang.exe V6.14
Assembler:       Armasm.exe V6.14
Linker/Locator:  ArmLink.exe V6.14
Library Manager: ArmAr.exe V6.14
Hex Converter:   FromElf.exe V6.14
CPU DLL:         SARMCM3.DLL V5.29.0.12
Dialog DLL:      DCM.DLL V1.17.3.0
Target DLL:      DbgFM.DLL V1.16.0.0
Dialog DLL:      TCM.DLL V1.38.0.0
 
<h2>Project:</h2>
C:\Work\CPMK\Cortex-M\Project\Fake_File_Framework\git\fake_file_framework\source\utilities\3rd-party\PLOOC\example\project\mdk\plooc_example.uvprojx
Project File Date:  03/19/2020

<h2>Output:</h2>
*** Using Compiler 'V6.14', folder: 'C:\Keil_v5\ARM\ARMCLANG\Bin'
Build target 'arm_compiler_6_example'
compiling main.c...
compiling platform.c...
compiling enhanced_byte_queue.c...
compiling byte_queue.c...
assembling startup_CMSDK_CM3.s...
compiling trace.c...
compiling system_CMSDK_CM3.c...
linking...
Program Size: Code=4864 RO-data=456 RW-data=4 ZI-data=1308  
".\Objects\plooc_example.axf" - 0 Error(s), 0 Warning(s).

<h2>Software Packages used:</h2>

Package Vendor: ARM
                http://www.keil.com/pack/ARM.CMSIS.5.7.0-dev3.pack
                ARM.CMSIS.5.7.0-dev3
                CMSIS (Cortex Microcontroller Software Interface Standard)
   * Component: CORE Version: 5.4.0

Package Vendor: Keil
                http://www.keil.com/pack/Keil.V2M-MPS2_CMx_BSP.1.7.0.pack
                Keil.V2M-MPS2_CMx_BSP.1.7.0
                ARM V2M-MPS2 Board Support PACK for Cortex-M System Design Kit Devices
   * Component: Startup Version: 1.0.0

<h2>Collection of Component include folders:</h2>
  .\RTE\Device\CMSDK_CM3
  .\RTE\_arm_compiler_6_example
  C:\Keil_v5\ARM\PACK\ARM\CMSIS\5.7.0-dev3\CMSIS\Core\Include
  C:\Keil_v5\ARM\PACK\Keil\V2M-MPS2_CMx_BSP\1.7.0\Device\CMSDK_CM3\Include

<h2>Collection of Component Files used:</h2>

   * Component: ARM::CMSIS:CORE:5.4.0

   * Component: Keil::Device:Startup:1.0.0
      Source file:   Device\CMSDK_CM3\Source\ARM\startup_CMSDK_CM3.s
      Source file:   Device\CMSDK_CM3\Source\system_CMSDK_CM3.c
      Include file:  CMSIS\Config\RTE_Device.h
Build Time Elapsed:  00:00:04
</pre>
</body>
</html>
